// Jest Snapshot v1, https://goo.gl/fbAQLP

exports[`[Component: FooterMenuSocial] should match snapshot 1`] = `
ShallowWrapper {
  "length": 1,
  Symbol(enzyme.__root__): [Circular],
  Symbol(enzyme.__unrendered__): <FooterMenuSocial
    title="test"
  />,
  Symbol(enzyme.__renderer__): Object {
    "batchedUpdates": [Function],
    "getNode": [Function],
    "render": [Function],
    "simulateEvent": [Function],
    "unmount": [Function],
  },
  Symbol(enzyme.__node__): Object {
    "instance": null,
    "key": undefined,
    "nodeType": "function",
    "props": Object {
      "children": Array [
        <h3
          className={undefined}
        >
          test
        </h3>,
        <div
          className={undefined}
        >
          <ul
            className="undefined undefined}"
          >
            <FooterMenuSocialSocialItem
              href="/"
              icon="newsletter"
              text="Newsletter"
            />
            <FooterMenuSocialSocialItem
              href="/"
              icon="instagram"
              text="Instagram"
            />
            <FooterMenuSocialSocialItem
              href="/"
              icon="twitter"
              text="Twitter"
            />
            <FooterMenuSocialSocialItem
              href="/"
              icon="tumblr"
              text="Tumblr"
            />
            <FooterMenuSocialSocialItem
              href="/"
              icon="linkedin"
              text="Linkedin"
            />
          </ul>
          <ul
            className="undefined undefined}"
          >
            <FooterMenuSocialSocialItem
              href="/"
              icon="facebook"
              text="Facebook"
            />
            <FooterMenuSocialSocialItem
              href="/"
              icon="pinterest"
              text="Pinterest"
            />
            <FooterMenuSocialSocialItem
              href="/"
              icon="youtube"
              text="Youtube"
            />
            <FooterMenuSocialSocialItem
              href="/"
              icon="google"
              text="Google+"
            />
          </ul>
        </div>,
      ],
    },
    "ref": null,
    "rendered": Array [
      Object {
        "instance": null,
        "key": undefined,
        "nodeType": "host",
        "props": Object {
          "children": "test",
          "className": undefined,
        },
        "ref": null,
        "rendered": "test",
        "type": "h3",
      },
      Object {
        "instance": null,
        "key": undefined,
        "nodeType": "host",
        "props": Object {
          "children": Array [
            <ul
              className="undefined undefined}"
            >
              <FooterMenuSocialSocialItem
                href="/"
                icon="newsletter"
                text="Newsletter"
              />
              <FooterMenuSocialSocialItem
                href="/"
                icon="instagram"
                text="Instagram"
              />
              <FooterMenuSocialSocialItem
                href="/"
                icon="twitter"
                text="Twitter"
              />
              <FooterMenuSocialSocialItem
                href="/"
                icon="tumblr"
                text="Tumblr"
              />
              <FooterMenuSocialSocialItem
                href="/"
                icon="linkedin"
                text="Linkedin"
              />
            </ul>,
            <ul
              className="undefined undefined}"
            >
              <FooterMenuSocialSocialItem
                href="/"
                icon="facebook"
                text="Facebook"
              />
              <FooterMenuSocialSocialItem
                href="/"
                icon="pinterest"
                text="Pinterest"
              />
              <FooterMenuSocialSocialItem
                href="/"
                icon="youtube"
                text="Youtube"
              />
              <FooterMenuSocialSocialItem
                href="/"
                icon="google"
                text="Google+"
              />
            </ul>,
          ],
          "className": undefined,
        },
        "ref": null,
        "rendered": Array [
          Object {
            "instance": null,
            "key": undefined,
            "nodeType": "host",
            "props": Object {
              "children": Array [
                <FooterMenuSocialSocialItem
                  href="/"
                  icon="newsletter"
                  text="Newsletter"
                />,
                <FooterMenuSocialSocialItem
                  href="/"
                  icon="instagram"
                  text="Instagram"
                />,
                <FooterMenuSocialSocialItem
                  href="/"
                  icon="twitter"
                  text="Twitter"
                />,
                <FooterMenuSocialSocialItem
                  href="/"
                  icon="tumblr"
                  text="Tumblr"
                />,
                <FooterMenuSocialSocialItem
                  href="/"
                  icon="linkedin"
                  text="Linkedin"
                />,
              ],
              "className": "undefined undefined}",
            },
            "ref": null,
            "rendered": Array [
              Object {
                "instance": null,
                "key": "Newsletter",
                "nodeType": "function",
                "props": Object {
                  "href": "/",
                  "icon": "newsletter",
                  "text": "Newsletter",
                },
                "ref": null,
                "rendered": null,
                "type": [Function],
              },
              Object {
                "instance": null,
                "key": "Instagram",
                "nodeType": "function",
                "props": Object {
                  "href": "/",
                  "icon": "instagram",
                  "text": "Instagram",
                },
                "ref": null,
                "rendered": null,
                "type": [Function],
              },
              Object {
                "instance": null,
                "key": "Twitter",
                "nodeType": "function",
                "props": Object {
                  "href": "/",
                  "icon": "twitter",
                  "text": "Twitter",
                },
                "ref": null,
                "rendered": null,
                "type": [Function],
              },
              Object {
                "instance": null,
                "key": "Tumblr",
                "nodeType": "function",
                "props": Object {
                  "href": "/",
                  "icon": "tumblr",
                  "text": "Tumblr",
                },
                "ref": null,
                "rendered": null,
                "type": [Function],
              },
              Object {
                "instance": null,
                "key": "Linkedin",
                "nodeType": "function",
                "props": Object {
                  "href": "/",
                  "icon": "linkedin",
                  "text": "Linkedin",
                },
                "ref": null,
                "rendered": null,
                "type": [Function],
              },
            ],
            "type": "ul",
          },
          Object {
            "instance": null,
            "key": undefined,
            "nodeType": "host",
            "props": Object {
              "children": Array [
                <FooterMenuSocialSocialItem
                  href="/"
                  icon="facebook"
                  text="Facebook"
                />,
                <FooterMenuSocialSocialItem
                  href="/"
                  icon="pinterest"
                  text="Pinterest"
                />,
                <FooterMenuSocialSocialItem
                  href="/"
                  icon="youtube"
                  text="Youtube"
                />,
                <FooterMenuSocialSocialItem
                  href="/"
                  icon="google"
                  text="Google+"
                />,
              ],
              "className": "undefined undefined}",
            },
            "ref": null,
            "rendered": Array [
              Object {
                "instance": null,
                "key": "Facebook",
                "nodeType": "function",
                "props": Object {
                  "href": "/",
                  "icon": "facebook",
                  "text": "Facebook",
                },
                "ref": null,
                "rendered": null,
                "type": [Function],
              },
              Object {
                "instance": null,
                "key": "Pinterest",
                "nodeType": "function",
                "props": Object {
                  "href": "/",
                  "icon": "pinterest",
                  "text": "Pinterest",
                },
                "ref": null,
                "rendered": null,
                "type": [Function],
              },
              Object {
                "instance": null,
                "key": "Youtube",
                "nodeType": "function",
                "props": Object {
                  "href": "/",
                  "icon": "youtube",
                  "text": "Youtube",
                },
                "ref": null,
                "rendered": null,
                "type": [Function],
              },
              Object {
                "instance": null,
                "key": "Google+",
                "nodeType": "function",
                "props": Object {
                  "href": "/",
                  "icon": "google",
                  "text": "Google+",
                },
                "ref": null,
                "rendered": null,
                "type": [Function],
              },
            ],
            "type": "ul",
          },
        ],
        "type": "div",
      },
    ],
    "type": Symbol(react.fragment),
  },
  Symbol(enzyme.__nodes__): Array [
    Object {
      "instance": null,
      "key": undefined,
      "nodeType": "function",
      "props": Object {
        "children": Array [
          <h3
            className={undefined}
          >
            test
          </h3>,
          <div
            className={undefined}
          >
            <ul
              className="undefined undefined}"
            >
              <FooterMenuSocialSocialItem
                href="/"
                icon="newsletter"
                text="Newsletter"
              />
              <FooterMenuSocialSocialItem
                href="/"
                icon="instagram"
                text="Instagram"
              />
              <FooterMenuSocialSocialItem
                href="/"
                icon="twitter"
                text="Twitter"
              />
              <FooterMenuSocialSocialItem
                href="/"
                icon="tumblr"
                text="Tumblr"
              />
              <FooterMenuSocialSocialItem
                href="/"
                icon="linkedin"
                text="Linkedin"
              />
            </ul>
            <ul
              className="undefined undefined}"
            >
              <FooterMenuSocialSocialItem
                href="/"
                icon="facebook"
                text="Facebook"
              />
              <FooterMenuSocialSocialItem
                href="/"
                icon="pinterest"
                text="Pinterest"
              />
              <FooterMenuSocialSocialItem
                href="/"
                icon="youtube"
                text="Youtube"
              />
              <FooterMenuSocialSocialItem
                href="/"
                icon="google"
                text="Google+"
              />
            </ul>
          </div>,
        ],
      },
      "ref": null,
      "rendered": Array [
        Object {
          "instance": null,
          "key": undefined,
          "nodeType": "host",
          "props": Object {
            "children": "test",
            "className": undefined,
          },
          "ref": null,
          "rendered": "test",
          "type": "h3",
        },
        Object {
          "instance": null,
          "key": undefined,
          "nodeType": "host",
          "props": Object {
            "children": Array [
              <ul
                className="undefined undefined}"
              >
                <FooterMenuSocialSocialItem
                  href="/"
                  icon="newsletter"
                  text="Newsletter"
                />
                <FooterMenuSocialSocialItem
                  href="/"
                  icon="instagram"
                  text="Instagram"
                />
                <FooterMenuSocialSocialItem
                  href="/"
                  icon="twitter"
                  text="Twitter"
                />
                <FooterMenuSocialSocialItem
                  href="/"
                  icon="tumblr"
                  text="Tumblr"
                />
                <FooterMenuSocialSocialItem
                  href="/"
                  icon="linkedin"
                  text="Linkedin"
                />
              </ul>,
              <ul
                className="undefined undefined}"
              >
                <FooterMenuSocialSocialItem
                  href="/"
                  icon="facebook"
                  text="Facebook"
                />
                <FooterMenuSocialSocialItem
                  href="/"
                  icon="pinterest"
                  text="Pinterest"
                />
                <FooterMenuSocialSocialItem
                  href="/"
                  icon="youtube"
                  text="Youtube"
                />
                <FooterMenuSocialSocialItem
                  href="/"
                  icon="google"
                  text="Google+"
                />
              </ul>,
            ],
            "className": undefined,
          },
          "ref": null,
          "rendered": Array [
            Object {
              "instance": null,
              "key": undefined,
              "nodeType": "host",
              "props": Object {
                "children": Array [
                  <FooterMenuSocialSocialItem
                    href="/"
                    icon="newsletter"
                    text="Newsletter"
                  />,
                  <FooterMenuSocialSocialItem
                    href="/"
                    icon="instagram"
                    text="Instagram"
                  />,
                  <FooterMenuSocialSocialItem
                    href="/"
                    icon="twitter"
                    text="Twitter"
                  />,
                  <FooterMenuSocialSocialItem
                    href="/"
                    icon="tumblr"
                    text="Tumblr"
                  />,
                  <FooterMenuSocialSocialItem
                    href="/"
                    icon="linkedin"
                    text="Linkedin"
                  />,
                ],
                "className": "undefined undefined}",
              },
              "ref": null,
              "rendered": Array [
                Object {
                  "instance": null,
                  "key": "Newsletter",
                  "nodeType": "function",
                  "props": Object {
                    "href": "/",
                    "icon": "newsletter",
                    "text": "Newsletter",
                  },
                  "ref": null,
                  "rendered": null,
                  "type": [Function],
                },
                Object {
                  "instance": null,
                  "key": "Instagram",
                  "nodeType": "function",
                  "props": Object {
                    "href": "/",
                    "icon": "instagram",
                    "text": "Instagram",
                  },
                  "ref": null,
                  "rendered": null,
                  "type": [Function],
                },
                Object {
                  "instance": null,
                  "key": "Twitter",
                  "nodeType": "function",
                  "props": Object {
                    "href": "/",
                    "icon": "twitter",
                    "text": "Twitter",
                  },
                  "ref": null,
                  "rendered": null,
                  "type": [Function],
                },
                Object {
                  "instance": null,
                  "key": "Tumblr",
                  "nodeType": "function",
                  "props": Object {
                    "href": "/",
                    "icon": "tumblr",
                    "text": "Tumblr",
                  },
                  "ref": null,
                  "rendered": null,
                  "type": [Function],
                },
                Object {
                  "instance": null,
                  "key": "Linkedin",
                  "nodeType": "function",
                  "props": Object {
                    "href": "/",
                    "icon": "linkedin",
                    "text": "Linkedin",
                  },
                  "ref": null,
                  "rendered": null,
                  "type": [Function],
                },
              ],
              "type": "ul",
            },
            Object {
              "instance": null,
              "key": undefined,
              "nodeType": "host",
              "props": Object {
                "children": Array [
                  <FooterMenuSocialSocialItem
                    href="/"
                    icon="facebook"
                    text="Facebook"
                  />,
                  <FooterMenuSocialSocialItem
                    href="/"
                    icon="pinterest"
                    text="Pinterest"
                  />,
                  <FooterMenuSocialSocialItem
                    href="/"
                    icon="youtube"
                    text="Youtube"
                  />,
                  <FooterMenuSocialSocialItem
                    href="/"
                    icon="google"
                    text="Google+"
                  />,
                ],
                "className": "undefined undefined}",
              },
              "ref": null,
              "rendered": Array [
                Object {
                  "instance": null,
                  "key": "Facebook",
                  "nodeType": "function",
                  "props": Object {
                    "href": "/",
                    "icon": "facebook",
                    "text": "Facebook",
                  },
                  "ref": null,
                  "rendered": null,
                  "type": [Function],
                },
                Object {
                  "instance": null,
                  "key": "Pinterest",
                  "nodeType": "function",
                  "props": Object {
                    "href": "/",
                    "icon": "pinterest",
                    "text": "Pinterest",
                  },
                  "ref": null,
                  "rendered": null,
                  "type": [Function],
                },
                Object {
                  "instance": null,
                  "key": "Youtube",
                  "nodeType": "function",
                  "props": Object {
                    "href": "/",
                    "icon": "youtube",
                    "text": "Youtube",
                  },
                  "ref": null,
                  "rendered": null,
                  "type": [Function],
                },
                Object {
                  "instance": null,
                  "key": "Google+",
                  "nodeType": "function",
                  "props": Object {
                    "href": "/",
                    "icon": "google",
                    "text": "Google+",
                  },
                  "ref": null,
                  "rendered": null,
                  "type": [Function],
                },
              ],
              "type": "ul",
            },
          ],
          "type": "div",
        },
      ],
      "type": Symbol(react.fragment),
    },
  ],
  Symbol(enzyme.__options__): Object {
    "adapter": ReactSixteenAdapter {
      "options": Object {
        "enableComponentDidUpdateOnSetState": true,
      },
    },
  },
}
`;
