// Jest Snapshot v1, https://goo.gl/fbAQLP

exports[`[Component: FooterMenu] should match snapshot 1`] = `
ShallowWrapper {
  "length": 1,
  Symbol(enzyme.__root__): [Circular],
  Symbol(enzyme.__unrendered__): <FooterMenuSocial
    links={
      Array [
        Object {
          "href": "/",
          "text": "Home",
        },
      ]
    }
    title="test"
  />,
  Symbol(enzyme.__renderer__): Object {
    "batchedUpdates": [Function],
    "getNode": [Function],
    "render": [Function],
    "simulateEvent": [Function],
    "unmount": [Function],
  },
  Symbol(enzyme.__node__): Object {
    "instance": null,
    "key": undefined,
    "nodeType": "function",
    "props": Object {
      "children": Array [
        <h3
          className={undefined}
        >
          test
        </h3>,
        <ul
          className={undefined}
        >
          <ul
            className={undefined}
          >
            teste
          </ul>
          <ul
            className={undefined}
          >
            teste
          </ul>
        </ul>,
      ],
    },
    "ref": null,
    "rendered": Array [
      Object {
        "instance": null,
        "key": undefined,
        "nodeType": "host",
        "props": Object {
          "children": "test",
          "className": undefined,
        },
        "ref": null,
        "rendered": "test",
        "type": "h3",
      },
      Object {
        "instance": null,
        "key": undefined,
        "nodeType": "host",
        "props": Object {
          "children": Array [
            <ul
              className={undefined}
            >
              teste
            </ul>,
            <ul
              className={undefined}
            >
              teste
            </ul>,
          ],
          "className": undefined,
        },
        "ref": null,
        "rendered": Array [
          Object {
            "instance": null,
            "key": undefined,
            "nodeType": "host",
            "props": Object {
              "children": "teste",
              "className": undefined,
            },
            "ref": null,
            "rendered": "teste",
            "type": "ul",
          },
          Object {
            "instance": null,
            "key": undefined,
            "nodeType": "host",
            "props": Object {
              "children": "teste",
              "className": undefined,
            },
            "ref": null,
            "rendered": "teste",
            "type": "ul",
          },
        ],
        "type": "ul",
      },
    ],
    "type": Symbol(react.fragment),
  },
  Symbol(enzyme.__nodes__): Array [
    Object {
      "instance": null,
      "key": undefined,
      "nodeType": "function",
      "props": Object {
        "children": Array [
          <h3
            className={undefined}
          >
            test
          </h3>,
          <ul
            className={undefined}
          >
            <ul
              className={undefined}
            >
              teste
            </ul>
            <ul
              className={undefined}
            >
              teste
            </ul>
          </ul>,
        ],
      },
      "ref": null,
      "rendered": Array [
        Object {
          "instance": null,
          "key": undefined,
          "nodeType": "host",
          "props": Object {
            "children": "test",
            "className": undefined,
          },
          "ref": null,
          "rendered": "test",
          "type": "h3",
        },
        Object {
          "instance": null,
          "key": undefined,
          "nodeType": "host",
          "props": Object {
            "children": Array [
              <ul
                className={undefined}
              >
                teste
              </ul>,
              <ul
                className={undefined}
              >
                teste
              </ul>,
            ],
            "className": undefined,
          },
          "ref": null,
          "rendered": Array [
            Object {
              "instance": null,
              "key": undefined,
              "nodeType": "host",
              "props": Object {
                "children": "teste",
                "className": undefined,
              },
              "ref": null,
              "rendered": "teste",
              "type": "ul",
            },
            Object {
              "instance": null,
              "key": undefined,
              "nodeType": "host",
              "props": Object {
                "children": "teste",
                "className": undefined,
              },
              "ref": null,
              "rendered": "teste",
              "type": "ul",
            },
          ],
          "type": "ul",
        },
      ],
      "type": Symbol(react.fragment),
    },
  ],
  Symbol(enzyme.__options__): Object {
    "adapter": ReactSixteenAdapter {
      "options": Object {
        "enableComponentDidUpdateOnSetState": true,
      },
    },
  },
}
`;
