// Jest Snapshot v1, https://goo.gl/fbAQLP

exports[`[Component: FooterMenuSocialItem] should match snapshot 1`] = `
ShallowWrapper {
  "length": 1,
  Symbol(enzyme.__root__): [Circular],
  Symbol(enzyme.__unrendered__): <FooterMenuSocialSocialItem
    href="/"
    text="test"
  />,
  Symbol(enzyme.__renderer__): Object {
    "batchedUpdates": [Function],
    "getNode": [Function],
    "render": [Function],
    "simulateEvent": [Function],
    "unmount": [Function],
  },
  Symbol(enzyme.__node__): Object {
    "instance": null,
    "key": undefined,
    "nodeType": "host",
    "props": Object {
      "children": Array [
        <span
          className="undefined undefined undefined"
        >
           
          test
           
        </span>,
        <a
          href="/"
        >
           
          test
           
        </a>,
      ],
    },
    "ref": null,
    "rendered": Array [
      Object {
        "instance": null,
        "key": undefined,
        "nodeType": "host",
        "props": Object {
          "children": Array [
            " ",
            "test",
            " ",
          ],
          "className": "undefined undefined undefined",
        },
        "ref": null,
        "rendered": Array [
          " ",
          "test",
          " ",
        ],
        "type": "span",
      },
      Object {
        "instance": null,
        "key": undefined,
        "nodeType": "host",
        "props": Object {
          "children": Array [
            " ",
            "test",
            " ",
          ],
          "href": "/",
        },
        "ref": null,
        "rendered": Array [
          " ",
          "test",
          " ",
        ],
        "type": "a",
      },
    ],
    "type": "li",
  },
  Symbol(enzyme.__nodes__): Array [
    Object {
      "instance": null,
      "key": undefined,
      "nodeType": "host",
      "props": Object {
        "children": Array [
          <span
            className="undefined undefined undefined"
          >
             
            test
             
          </span>,
          <a
            href="/"
          >
             
            test
             
          </a>,
        ],
      },
      "ref": null,
      "rendered": Array [
        Object {
          "instance": null,
          "key": undefined,
          "nodeType": "host",
          "props": Object {
            "children": Array [
              " ",
              "test",
              " ",
            ],
            "className": "undefined undefined undefined",
          },
          "ref": null,
          "rendered": Array [
            " ",
            "test",
            " ",
          ],
          "type": "span",
        },
        Object {
          "instance": null,
          "key": undefined,
          "nodeType": "host",
          "props": Object {
            "children": Array [
              " ",
              "test",
              " ",
            ],
            "href": "/",
          },
          "ref": null,
          "rendered": Array [
            " ",
            "test",
            " ",
          ],
          "type": "a",
        },
      ],
      "type": "li",
    },
  ],
  Symbol(enzyme.__options__): Object {
    "adapter": ReactSixteenAdapter {
      "options": Object {
        "enableComponentDidUpdateOnSetState": true,
      },
    },
  },
}
`;
